{# activate lala #}
{% set lala = True %}
{% extends "prighter_base_container.html" %}
{% from "lala.html" import fa, fi, fo %}
{% block loadcss %}
    <link rel="stylesheet" type="text/css" href="{{ url_for('static', filename='css/simptip.min.css ') }}" />
{% endblock %}
{% block content %}
    <div class="flex flex-row">
        <div class="{{ blabla() }} ">
            {{ some.thing }}
            {{ something("something", loremipsum) }}
            <div class="flex flex-row justify-between">
                {{ lala(fafa) }}
            </div>
        </div>
        <div class="space-y-2">
            <div style="border-width: 4px" class="{{ lala() }} space-y-2 font-bold {% if ff == 0 %} lala
                        {% elif ds == 1 %}
                            fafa
                        {% else %}
                            lala
                        {% endif %}">
                <div class="flex justify-between ">
                    <div>
                        {% if cert | length > 0 %}
                            fafa
                        {% endif %}
                        {% if lorem >= 0 %} lala 
                        {% elif somethhing != 0 %} lorem ipsum dolor 
                        {% else %} sit amet consectetur
                            {{ fafa }} unpaid blabla
                        {% endif %}
                    </div>
                    <div>
                        {{ fafafafafaf(kfjagaksdjgadfg) }}
                    </div>
                </div>
            </div>
            <div class="space-y-2">
                <h2 class="">Lorem ipsum</h2>
                {% for fafa %}
                    <div class="flex flex-col border-brand-100">
                        <div class="flex">
                            <div class="flex w-1/3 space-x-8">
                                <div>
                                    {{ test }}
                                </div>
                                <div>
                                    {{ test2 test3 test4 test5 }}
                                </div>
                            </div>
                            <div class="flex flex-row space-x-2">
                                <div>
                                    {{ fafa }}
                                </div>
                            </div>
                        </div>
                    </div>
                    <tr>
                    </tr>
                {% else %}
                    This lorem ipsum
                {% endfor %}

                {% call %}
                    lalala
                {% endcall %}
            </div>
        </div>
    </div>
{% endblock %}